/home/xumy/work/miniconda3/envs/aftermd/lib/python3.9/site-packages/Bio/Application/__init__.py:39: BiopythonDeprecationWarning: The Bio.Application modules and modules relying on it have been deprecated.

Due to the on going maintenance burden of keeping command line application
wrappers up to date, we have decided to deprecate and eventually remove these
modules.

We instead now recommend building your command line and invoking it directly
with the subprocess module.
  warnings.warn(
WARNING:aftermd.analysis.trajectory.buried_sasa:FreeSASA module not available. Install with: pip install freesasa
INFO:aftermd.utils.pdb_sequence_extractor:Chain V: 50 residues
INFO:aftermd.utils.pdb_sequence_extractor:Chain W: 45 residues
INFO:aftermd.utils.pdb_sequence_extractor:Chain X: 10 residues
INFO:aftermd.utils.pdb_sequence_extractor:Chain Y: 30 residues
INFO:aftermd.utils.pdb_sequence_extractor:Chain Z: 40 residues
2026-01-20 23:40:07,202 - INFO - 
Task: test_legacy
INFO:aftermd.utils.pdb_chain_standardizer:
Task: test_legacy
2026-01-20 23:40:07,202 - INFO -   Found 5 protein chains:
INFO:aftermd.utils.pdb_chain_standardizer:  Found 5 protein chains:
2026-01-20 23:40:07,202 - INFO -     1. Chain X:  10 residues,   10 atoms
INFO:aftermd.utils.pdb_chain_standardizer:    1. Chain X:  10 residues,   10 atoms
2026-01-20 23:40:07,202 - INFO -     2. Chain Y:  30 residues,   30 atoms
INFO:aftermd.utils.pdb_chain_standardizer:    2. Chain Y:  30 residues,   30 atoms
2026-01-20 23:40:07,202 - INFO -     3. Chain Z:  40 residues,   40 atoms
INFO:aftermd.utils.pdb_chain_standardizer:    3. Chain Z:  40 residues,   40 atoms
2026-01-20 23:40:07,202 - INFO -     4. Chain W:  45 residues,   45 atoms
INFO:aftermd.utils.pdb_chain_standardizer:    4. Chain W:  45 residues,   45 atoms
2026-01-20 23:40:07,202 - INFO -     5. Chain V:  50 residues,   50 atoms
INFO:aftermd.utils.pdb_chain_standardizer:    5. Chain V:  50 residues,   50 atoms
2026-01-20 23:40:07,202 - INFO -   Chain mapping: X→C / Y→B / Z→D / W→E / V→A
INFO:aftermd.utils.pdb_chain_standardizer:  Chain mapping: X→C / Y→B / Z→D / W→E / V→A
2026-01-20 23:40:07,203 - INFO -   ✓ Standardization complete: test_data/test_complex_legacy.pdb
INFO:aftermd.utils.pdb_chain_standardizer:  ✓ Standardization complete: test_data/test_complex_legacy.pdb
INFO:aftermd.utils.cdr_manager:ANARCI Python package detected
INFO:aftermd.utils.intelligent_chain_identifier:ANARCI available for TCR chain identification
INFO:aftermd.utils.pdb_sequence_extractor:Chain V: 50 residues
INFO:aftermd.utils.pdb_sequence_extractor:Chain W: 45 residues
INFO:aftermd.utils.pdb_sequence_extractor:Chain X: 10 residues
INFO:aftermd.utils.pdb_sequence_extractor:Chain Y: 30 residues
INFO:aftermd.utils.pdb_sequence_extractor:Chain Z: 40 residues
INFO:aftermd.utils.intelligent_chain_identifier:Identified X as peptide (10 aa)
WARNING:aftermd.utils.intelligent_chain_identifier:Could not identify beta2m chain by length heuristic
WARNING:aftermd.utils.intelligent_chain_identifier:Expected 3 remaining chains (2 TCR + 1 HLA-alpha), found 4
WARNING:aftermd.utils.intelligent_chain_identifier:Unknown chain type for V: unknown
WARNING:aftermd.utils.intelligent_chain_identifier:Unknown chain type for W: unknown
WARNING:aftermd.utils.intelligent_chain_identifier:Unknown chain type for Y: unknown
WARNING:aftermd.utils.intelligent_chain_identifier:Unknown chain type for Z: unknown
INFO:aftermd.utils.cdr_manager:ANARCI Python package detected
INFO:aftermd.utils.intelligent_chain_identifier:ANARCI available for TCR chain identification
2026-01-20 23:40:07,485 - INFO - Intelligent chain identification enabled (ANARCI-based)
INFO:aftermd.utils.pdb_chain_standardizer:Intelligent chain identification enabled (ANARCI-based)
2026-01-20 23:40:07,485 - INFO - 
Task: test_intelligent
INFO:aftermd.utils.pdb_chain_standardizer:
Task: test_intelligent
2026-01-20 23:40:07,485 - INFO -   Found 5 protein chains:
INFO:aftermd.utils.pdb_chain_standardizer:  Found 5 protein chains:
2026-01-20 23:40:07,485 - INFO -     1. Chain X:  10 residues,   10 atoms
INFO:aftermd.utils.pdb_chain_standardizer:    1. Chain X:  10 residues,   10 atoms
2026-01-20 23:40:07,486 - INFO -     2. Chain Y:  30 residues,   30 atoms
INFO:aftermd.utils.pdb_chain_standardizer:    2. Chain Y:  30 residues,   30 atoms
2026-01-20 23:40:07,486 - INFO -     3. Chain Z:  40 residues,   40 atoms
INFO:aftermd.utils.pdb_chain_standardizer:    3. Chain Z:  40 residues,   40 atoms
2026-01-20 23:40:07,486 - INFO -     4. Chain W:  45 residues,   45 atoms
INFO:aftermd.utils.pdb_chain_standardizer:    4. Chain W:  45 residues,   45 atoms
2026-01-20 23:40:07,486 - INFO -     5. Chain V:  50 residues,   50 atoms
INFO:aftermd.utils.pdb_chain_standardizer:    5. Chain V:  50 residues,   50 atoms
INFO:aftermd.utils.pdb_sequence_extractor:Chain V: 50 residues
INFO:aftermd.utils.pdb_sequence_extractor:Chain W: 45 residues
INFO:aftermd.utils.pdb_sequence_extractor:Chain X: 10 residues
INFO:aftermd.utils.pdb_sequence_extractor:Chain Y: 30 residues
INFO:aftermd.utils.pdb_sequence_extractor:Chain Z: 40 residues
INFO:aftermd.utils.intelligent_chain_identifier:Identified X as peptide (10 aa)
WARNING:aftermd.utils.intelligent_chain_identifier:Could not identify beta2m chain by length heuristic
WARNING:aftermd.utils.intelligent_chain_identifier:Expected 3 remaining chains (2 TCR + 1 HLA-alpha), found 4
WARNING:aftermd.utils.intelligent_chain_identifier:Unknown chain type for V: unknown
WARNING:aftermd.utils.intelligent_chain_identifier:Unknown chain type for W: unknown
WARNING:aftermd.utils.intelligent_chain_identifier:Unknown chain type for Y: unknown
WARNING:aftermd.utils.intelligent_chain_identifier:Unknown chain type for Z: unknown
2026-01-20 23:40:07,492 - INFO -   X → C: peptide (10 aa, confidence=1.00)
INFO:aftermd.utils.pdb_chain_standardizer:  X → C: peptide (10 aa, confidence=1.00)
2026-01-20 23:40:07,492 - INFO -   V → V: unknown (50 aa, confidence=0.00)
INFO:aftermd.utils.pdb_chain_standardizer:  V → V: unknown (50 aa, confidence=0.00)
2026-01-20 23:40:07,492 - INFO -   W → W: unknown (45 aa, confidence=0.00)
INFO:aftermd.utils.pdb_chain_standardizer:  W → W: unknown (45 aa, confidence=0.00)
2026-01-20 23:40:07,492 - INFO -   Y → Y: unknown (30 aa, confidence=0.00)
INFO:aftermd.utils.pdb_chain_standardizer:  Y → Y: unknown (30 aa, confidence=0.00)
2026-01-20 23:40:07,492 - INFO -   Z → Z: unknown (40 aa, confidence=0.00)
INFO:aftermd.utils.pdb_chain_standardizer:  Z → Z: unknown (40 aa, confidence=0.00)
2026-01-20 23:40:07,492 - INFO -   Chain mapping: X→C / V→V / W→W / Y→Y / Z→Z
INFO:aftermd.utils.pdb_chain_standardizer:  Chain mapping: X→C / V→V / W→W / Y→Y / Z→Z
2026-01-20 23:40:07,492 - INFO -   ✓ Standardization complete: test_data/test_complex_intelligent.pdb
INFO:aftermd.utils.pdb_chain_standardizer:  ✓ Standardization complete: test_data/test_complex_intelligent.pdb
================================================================================
End-to-End Test: Intelligent Chain Standardization
================================================================================

✓ Test PDB found: test_data/test_complex.pdb

--------------------------------------------------------------------------------
Step 1: Extract Sequences
--------------------------------------------------------------------------------

✓ Extracted 5 chains:
  Chain V:  50 residues - AAAAAAAAAAAAAAAAAAAA...
  Chain W:  45 residues - IIIIIIIIIIIIIIIIIIII...
  Chain X:  10 residues - VVVVVVVVVV...
  Chain Y:  30 residues - GGGGGGGGGGGGGGGGGGGG...
  Chain Z:  40 residues - LLLLLLLLLLLLLLLLLLLL...

--------------------------------------------------------------------------------
Step 2: Length-based Standardization (Legacy)
--------------------------------------------------------------------------------

✓ Status: OK
  Mapping: {'X': 'C', 'Y': 'B', 'Z': 'D', 'W': 'E', 'V': 'A'}

--------------------------------------------------------------------------------
Step 3: Intelligent Chain Identification
--------------------------------------------------------------------------------

✓ Identified 5 chains:
  Chain V: unknown         ( 50 aa, confidence=0.00)
  Chain W: unknown         ( 45 aa, confidence=0.00)
  Chain X: peptide         ( 10 aa, confidence=1.00)
  Chain Y: unknown         ( 30 aa, confidence=0.00)
  Chain Z: unknown         ( 40 aa, confidence=0.00)

✓ Proposed mapping:
  V → V (unknown)
  W → W (unknown)
  X → C (peptide)
  Y → Y (unknown)
  Z → Z (unknown)

--------------------------------------------------------------------------------
Step 4: Intelligent Standardization
--------------------------------------------------------------------------------

✓ Status: OK
  Mapping: {'X': 'C', 'V': 'V', 'W': 'W', 'Y': 'Y', 'Z': 'Z'}
  Processing time: 0.007s

--------------------------------------------------------------------------------
Step 5: Compare Methods
--------------------------------------------------------------------------------

Legacy mapping:      {'X': 'C', 'Y': 'B', 'Z': 'D', 'W': 'E', 'V': 'A'}
Intelligent mapping: {'X': 'C', 'V': 'V', 'W': 'W', 'Y': 'Y', 'Z': 'Z'}

⚠ Different mappings detected!
  This is expected if TCR chains were swapped in legacy method
  Chain V: A (legacy) vs V (intelligent)
  Chain W: E (legacy) vs W (intelligent)
  Chain Y: B (legacy) vs Y (intelligent)
  Chain Z: D (legacy) vs Z (intelligent)

================================================================================
✓ End-to-End Test Completed Successfully!
================================================================================
